// Jest Snapshot v1, https://goo.gl/fbAQLP

exports[`Artist Component matches the snapshot 1`] = `
<div
  className="row"
>
  <div
    className="col"
  />
  <div
    className="col"
  >
    <button
      className="login-button btn btn-success btn-lg"
      disabled={false}
      onClick={[Function]}
      type="button"
    >
      Sign Into Spotify
    </button>
  </div>
  <div
    className="col"
  />
</div>
`;
